Log file created at: 2016/02/07 04:46:30
Running on machine: andrew-Ideapad-Z570
Log line format: [IWEF]mmdd hh:mm:ss.uuuuuu threadid file:line] msg
I0207 04:46:30.136845 13445 helpers.cc:491] MasterComponentConfig.processors_count is automatically set to 4
I0207 04:46:30.137151 13448 merger.cc:124] Merger thread started
I0207 04:46:30.137169 13445 c_interface.cc:237] Creating MasterComponent (id=1)...
I0207 04:46:30.137159 13451 processor.cc:958] Processor thread started
I0207 04:46:30.137202 13449 processor.cc:958] Processor thread started
I0207 04:46:30.137240 13452 processor.cc:958] Processor thread started
I0207 04:46:30.137449 13445 helpers.cc:491] MasterComponentConfig.processors_count is automatically set to 4
I0207 04:46:30.137470 13445 master_component.cc:236] MasterComponent::Reconfigure() with MasterComponentConfig: disk_path=, stream_size=0, compact_batches=yes, cache_theta=yes, processors_count=4, processor_queue_max_size=4, merger_queue_max_size=10, score_config_size=1, disk_cache_path
I0207 04:46:30.137490 13445 perplexity.cc:25] Perplexity score calculator created: stream_name=@global, model_type=1, dictionary_name=dictionary
I0207 04:46:30.137801 13445 master_component.cc:89] Dictionary import completed
I0207 04:46:30.137953 13445 master_component.cc:231] MasterComponent::InitializeModel() with InitializeModelArgs: model_name=pwt, source_type=0, dictionary_name=dictionary, filter_size=0, topics_count=3, topic_name_size=3
I0207 04:46:30.137970 13445 merger.cc:411] InitializeModel() with 3 topics and 75 tokens
I0207 04:46:30.138383 13445 phi_matrix_operations.cc:96] RetrieveExternalTopicModel() with 3 topics, 75 tokens
I0207 04:46:30.138520 13445 c_interface.cc:158] ArtmCopyRequestResultEx(request_type=0) copied 3160 bytes
I0207 04:46:30.140879 13450 processor.cc:958] Processor thread started
I0207 04:46:30.145823 13445 master_component.cc:89] Dictionary import completed
I0207 04:46:30.146003 13445 master_component.cc:231] MasterComponent::InitializeModel() with InitializeModelArgs: model_name=pwt, source_type=0, dictionary_name=dictionary, filter_size=0, topics_count=3, topic_name_size=3
I0207 04:46:30.146018 13445 merger.cc:411] InitializeModel() with 3 topics and 75 tokens
I0207 04:46:30.146422 13445 phi_matrix_operations.cc:96] RetrieveExternalTopicModel() with 3 topics, 75 tokens
I0207 04:46:30.146497 13445 c_interface.cc:158] ArtmCopyRequestResultEx(request_type=0) copied 3160 bytes
I0207 04:46:30.148679 13445 helpers.cc:491] MasterComponentConfig.processors_count is automatically set to 4
I0207 04:46:30.148696 13445 master_component.cc:236] MasterComponent::Reconfigure() with MasterComponentConfig: disk_path=, stream_size=0, compact_batches=yes, cache_theta=yes, processors_count=4, processor_queue_max_size=4, merger_queue_max_size=10, score_config_size=2, disk_cache_path
I0207 04:46:30.148717 13445 perplexity.cc:25] Perplexity score calculator created: stream_name=@global, model_type=1, dictionary_name=dictionary
I0207 04:46:30.148953 13445 helpers.cc:491] MasterComponentConfig.processors_count is automatically set to 4
I0207 04:46:30.148970 13445 master_component.cc:236] MasterComponent::Reconfigure() with MasterComponentConfig: disk_path=, stream_size=0, compact_batches=yes, cache_theta=yes, processors_count=4, processor_queue_max_size=4, merger_queue_max_size=10, score_config_size=3, disk_cache_path
I0207 04:46:30.148985 13445 perplexity.cc:25] Perplexity score calculator created: stream_name=@global, model_type=1, dictionary_name=dictionary
I0207 04:46:30.149225 13445 helpers.cc:491] MasterComponentConfig.processors_count is automatically set to 4
I0207 04:46:30.149240 13445 master_component.cc:236] MasterComponent::Reconfigure() with MasterComponentConfig: disk_path=, stream_size=0, compact_batches=yes, cache_theta=yes, processors_count=4, processor_queue_max_size=4, merger_queue_max_size=10, score_config_size=4, disk_cache_path
I0207 04:46:30.149255 13445 perplexity.cc:25] Perplexity score calculator created: stream_name=@global, model_type=1, dictionary_name=dictionary
I0207 04:46:30.149538 13445 helpers.cc:491] MasterComponentConfig.processors_count is automatically set to 4
I0207 04:46:30.149644 13445 master_component.cc:236] MasterComponent::Reconfigure() with MasterComponentConfig: disk_path=, stream_size=0, compact_batches=yes, cache_theta=yes, processors_count=4, processor_queue_max_size=4, merger_queue_max_size=10, score_config_size=5, disk_cache_path
I0207 04:46:30.149693 13445 perplexity.cc:25] Perplexity score calculator created: stream_name=@global, model_type=1, dictionary_name=dictionary
I0207 04:46:30.149855 13445 master_component.cc:286] MasterComponent::RequestProcessBatches() with ProcessBatchesArgs: nwt_target_name=nwt, batch_filename_size=2, batch_weight_size=2, pwt_source_name=pwt, inner_iterations_count=20, stream_name=@global, reuse_theta=yes, opt_for_avx=yes, use_sparse_bow=yes, reset_scores=yes, predict_class_id=
I0207 04:46:30.149961 13445 master_component.cc:360] Batches count (=2) is smaller than processors threads count (=4), which may cause suboptimal performance.
I0207 04:46:30.151238 13450 common.h:117] 0ms in ProcessBatch(/home/andrew/ds/batch/1cc4fb07-1cab-4be7-9b21-6a808f9490cb.batch) [including 0ms in LoadMessage; 0ms in InitializeSparseNdw; 0ms in InitializeModelIncrement; 0ms in InferThetaAndUpdateNwtSparse; 0ms in CalculateScore(PerplexityScore); 0ms in CalculateScore(SparsityThetaScore); ]
I0207 04:46:30.153635 13449 common.h:117] 1ms in ProcessBatch(/home/andrew/ds/batch/18ae0ea7-5f44-4196-b4f7-47eb8c3bbe79.batch) [including 0ms in LoadMessage; 0ms in InitializeSparseNdw; 0ms in InitializeModelIncrement; 0ms in InferThetaAndUpdateNwtSparse; 0ms in CalculateScore(PerplexityScore); 0ms in CalculateScore(SparsityThetaScore); ]
I0207 04:46:30.154724 13445 c_interface.cc:158] ArtmCopyRequestResultEx(request_type=0) copied 104 bytes
I0207 04:46:30.154980 13445 master_component.cc:467] MasterComponent::RegularizeModel() with RegularizeModelArgs: rwt_target_name=rwt, pwt_source_name=pwt, nwt_source_name=nwt
I0207 04:46:30.155192 13445 master_component.cc:499] MasterComponent::NormalizeModel() with NormalizeModelArgs: pwt_target_name=pwt, nwt_source_name=nwt, rwt_source_name=rwt
I0207 04:46:30.155395 13445 merger.cc:246] Merger::RequestScore(score_name=TopicKernelScore)
I0207 04:46:30.155534 13445 c_interface.cc:158] ArtmCopyRequestResultEx(request_type=0) copied 1783 bytes
I0207 04:46:30.157599 13451 processor.cc:974] No data in processing queue, waiting...
I0207 04:46:30.157681 13452 processor.cc:974] No data in processing queue, waiting...
I0207 04:46:30.158387 13445 merger.cc:246] Merger::RequestScore(score_name=PerplexityScore)
I0207 04:46:30.158474 13445 c_interface.cc:158] ArtmCopyRequestResultEx(request_type=0) copied 63 bytes
I0207 04:46:30.158674 13445 merger.cc:246] Merger::RequestScore(score_name=SparsityPhiScore)
I0207 04:46:30.158758 13445 c_interface.cc:158] ArtmCopyRequestResultEx(request_type=0) copied 36 bytes
I0207 04:46:30.158965 13445 merger.cc:246] Merger::RequestScore(score_name=SparsityThetaScore)
I0207 04:46:30.159039 13445 c_interface.cc:158] ArtmCopyRequestResultEx(request_type=0) copied 37 bytes
I0207 04:46:30.159238 13445 merger.cc:246] Merger::RequestScore(score_name=TopTokensScore)
I0207 04:46:30.159389 13445 c_interface.cc:158] ArtmCopyRequestResultEx(request_type=0) copied 743 bytes
I0207 04:46:30.162097 13445 master_component.cc:286] MasterComponent::RequestProcessBatches() with ProcessBatchesArgs: nwt_target_name=nwt, batch_filename_size=2, batch_weight_size=2, pwt_source_name=pwt, inner_iterations_count=20, stream_name=@global, reuse_theta=yes, opt_for_avx=yes, use_sparse_bow=yes, reset_scores=yes, predict_class_id=
I0207 04:46:30.163725 13449 common.h:117] 0ms in ProcessBatch(/home/andrew/ds/batch/1cc4fb07-1cab-4be7-9b21-6a808f9490cb.batch) [including 0ms in LoadMessage; 0ms in InitializeSparseNdw; 0ms in InitializeModelIncrement; 0ms in InferThetaAndUpdateNwtSparse; 0ms in CalculateScore(PerplexityScore); 0ms in CalculateScore(SparsityThetaScore); ]
I0207 04:46:30.164897 13449 common.h:117] 1ms in ProcessBatch(/home/andrew/ds/batch/18ae0ea7-5f44-4196-b4f7-47eb8c3bbe79.batch) [including 0ms in LoadMessage; 0ms in InitializeSparseNdw; 0ms in InitializeModelIncrement; 0ms in InferThetaAndUpdateNwtSparse; 0ms in CalculateScore(PerplexityScore); 0ms in CalculateScore(SparsityThetaScore); ]
I0207 04:46:30.164950 13445 c_interface.cc:158] ArtmCopyRequestResultEx(request_type=0) copied 104 bytes
I0207 04:46:30.165230 13445 master_component.cc:467] MasterComponent::RegularizeModel() with RegularizeModelArgs: rwt_target_name=rwt, pwt_source_name=pwt, nwt_source_name=nwt
I0207 04:46:30.165802 13445 master_component.cc:499] MasterComponent::NormalizeModel() with NormalizeModelArgs: pwt_target_name=pwt, nwt_source_name=nwt, rwt_source_name=rwt
I0207 04:46:30.166049 13445 merger.cc:246] Merger::RequestScore(score_name=TopicKernelScore)
I0207 04:46:30.166232 13445 c_interface.cc:158] ArtmCopyRequestResultEx(request_type=0) copied 1215 bytes
I0207 04:46:30.169294 13445 merger.cc:246] Merger::RequestScore(score_name=PerplexityScore)
I0207 04:46:30.169384 13445 c_interface.cc:158] ArtmCopyRequestResultEx(request_type=0) copied 63 bytes
I0207 04:46:30.169581 13445 merger.cc:246] Merger::RequestScore(score_name=SparsityPhiScore)
I0207 04:46:30.169652 13445 c_interface.cc:158] ArtmCopyRequestResultEx(request_type=0) copied 36 bytes
I0207 04:46:30.169817 13445 merger.cc:246] Merger::RequestScore(score_name=SparsityThetaScore)
I0207 04:46:30.169878 13445 c_interface.cc:158] ArtmCopyRequestResultEx(request_type=0) copied 37 bytes
I0207 04:46:30.170037 13445 merger.cc:246] Merger::RequestScore(score_name=TopTokensScore)
I0207 04:46:30.170157 13445 c_interface.cc:158] ArtmCopyRequestResultEx(request_type=0) copied 741 bytes
I0207 04:46:30.172333 13445 master_component.cc:286] MasterComponent::RequestProcessBatches() with ProcessBatchesArgs: nwt_target_name=nwt, batch_filename_size=2, batch_weight_size=2, pwt_source_name=pwt, inner_iterations_count=20, stream_name=@global, reuse_theta=yes, opt_for_avx=yes, use_sparse_bow=yes, reset_scores=yes, predict_class_id=
I0207 04:46:30.172570 13450 processor.cc:974] No data in processing queue, waiting...
I0207 04:46:30.173790 13451 processor.cc:981] Processing queue has data, processing started
I0207 04:46:30.173912 13449 common.h:117] 0ms in ProcessBatch(/home/andrew/ds/batch/1cc4fb07-1cab-4be7-9b21-6a808f9490cb.batch) [including 0ms in LoadMessage; 0ms in InitializeSparseNdw; 0ms in InitializeModelIncrement; 0ms in InferThetaAndUpdateNwtSparse; 0ms in CalculateScore(PerplexityScore); 0ms in CalculateScore(SparsityThetaScore); ]
I0207 04:46:30.174314 13451 common.h:117] 0ms in ProcessBatch(/home/andrew/ds/batch/18ae0ea7-5f44-4196-b4f7-47eb8c3bbe79.batch) [including 0ms in LoadMessage; 0ms in InitializeSparseNdw; 0ms in InitializeModelIncrement; 0ms in InferThetaAndUpdateNwtSparse; 0ms in CalculateScore(PerplexityScore); 0ms in CalculateScore(SparsityThetaScore); ]
I0207 04:46:30.175026 13445 c_interface.cc:158] ArtmCopyRequestResultEx(request_type=0) copied 104 bytes
I0207 04:46:30.175278 13445 master_component.cc:467] MasterComponent::RegularizeModel() with RegularizeModelArgs: rwt_target_name=rwt, pwt_source_name=pwt, nwt_source_name=nwt
I0207 04:46:30.175541 13445 master_component.cc:499] MasterComponent::NormalizeModel() with NormalizeModelArgs: pwt_target_name=pwt, nwt_source_name=nwt, rwt_source_name=rwt
I0207 04:46:30.175735 13445 merger.cc:246] Merger::RequestScore(score_name=TopicKernelScore)
I0207 04:46:30.175870 13445 c_interface.cc:158] ArtmCopyRequestResultEx(request_type=0) copied 1056 bytes
I0207 04:46:30.178244 13445 merger.cc:246] Merger::RequestScore(score_name=PerplexityScore)
I0207 04:46:30.178295 13445 c_interface.cc:158] ArtmCopyRequestResultEx(request_type=0) copied 63 bytes
I0207 04:46:30.178454 13445 merger.cc:246] Merger::RequestScore(score_name=SparsityPhiScore)
I0207 04:46:30.178495 13445 c_interface.cc:158] ArtmCopyRequestResultEx(request_type=0) copied 36 bytes
I0207 04:46:30.178629 13445 merger.cc:246] Merger::RequestScore(score_name=SparsityThetaScore)
I0207 04:46:30.178661 13445 c_interface.cc:158] ArtmCopyRequestResultEx(request_type=0) copied 37 bytes
I0207 04:46:30.178845 13445 merger.cc:246] Merger::RequestScore(score_name=TopTokensScore)
I0207 04:46:30.179044 13445 c_interface.cc:158] ArtmCopyRequestResultEx(request_type=0) copied 752 bytes
I0207 04:46:30.181198 13445 master_component.cc:286] MasterComponent::RequestProcessBatches() with ProcessBatchesArgs: nwt_target_name=nwt, batch_filename_size=2, batch_weight_size=2, pwt_source_name=pwt, inner_iterations_count=20, stream_name=@global, reuse_theta=yes, opt_for_avx=yes, use_sparse_bow=yes, reset_scores=yes, predict_class_id=
I0207 04:46:30.182034 13452 processor.cc:981] Processing queue has data, processing started
I0207 04:46:30.182719 13452 common.h:117] 0ms in ProcessBatch(/home/andrew/ds/batch/1cc4fb07-1cab-4be7-9b21-6a808f9490cb.batch) [including 0ms in LoadMessage; 0ms in InitializeSparseNdw; 0ms in InitializeModelIncrement; 0ms in InferThetaAndUpdateNwtSparse; 0ms in CalculateScore(PerplexityScore); 0ms in CalculateScore(SparsityThetaScore); ]
I0207 04:46:30.183223 13450 processor.cc:981] Processing queue has data, processing started
I0207 04:46:30.184444 13450 common.h:117] 1ms in ProcessBatch(/home/andrew/ds/batch/18ae0ea7-5f44-4196-b4f7-47eb8c3bbe79.batch) [including 0ms in LoadMessage; 0ms in InitializeSparseNdw; 0ms in InitializeModelIncrement; 0ms in InferThetaAndUpdateNwtSparse; 0ms in CalculateScore(PerplexityScore); 0ms in CalculateScore(SparsityThetaScore); ]
I0207 04:46:30.185204 13445 c_interface.cc:158] ArtmCopyRequestResultEx(request_type=0) copied 104 bytes
I0207 04:46:30.185448 13445 master_component.cc:467] MasterComponent::RegularizeModel() with RegularizeModelArgs: rwt_target_name=rwt, pwt_source_name=pwt, nwt_source_name=nwt
I0207 04:46:30.185690 13445 master_component.cc:499] MasterComponent::NormalizeModel() with NormalizeModelArgs: pwt_target_name=pwt, nwt_source_name=nwt, rwt_source_name=rwt
I0207 04:46:30.185873 13445 merger.cc:246] Merger::RequestScore(score_name=TopicKernelScore)
I0207 04:46:30.186007 13445 c_interface.cc:158] ArtmCopyRequestResultEx(request_type=0) copied 872 bytes
I0207 04:46:30.188380 13445 merger.cc:246] Merger::RequestScore(score_name=PerplexityScore)
I0207 04:46:30.188429 13445 c_interface.cc:158] ArtmCopyRequestResultEx(request_type=0) copied 63 bytes
I0207 04:46:30.188601 13445 merger.cc:246] Merger::RequestScore(score_name=SparsityPhiScore)
I0207 04:46:30.188643 13445 c_interface.cc:158] ArtmCopyRequestResultEx(request_type=0) copied 36 bytes
I0207 04:46:30.188791 13445 merger.cc:246] Merger::RequestScore(score_name=SparsityThetaScore)
I0207 04:46:30.188827 13445 c_interface.cc:158] ArtmCopyRequestResultEx(request_type=0) copied 37 bytes
I0207 04:46:30.188956 13445 merger.cc:246] Merger::RequestScore(score_name=TopTokensScore)
I0207 04:46:30.189088 13445 c_interface.cc:158] ArtmCopyRequestResultEx(request_type=0) copied 749 bytes
I0207 04:46:30.191444 13445 master_component.cc:286] MasterComponent::RequestProcessBatches() with ProcessBatchesArgs: nwt_target_name=nwt, batch_filename_size=2, batch_weight_size=2, pwt_source_name=pwt, inner_iterations_count=20, stream_name=@global, reuse_theta=yes, opt_for_avx=yes, use_sparse_bow=yes, reset_scores=yes, predict_class_id=
I0207 04:46:30.193045 13452 common.h:117] 0ms in ProcessBatch(/home/andrew/ds/batch/1cc4fb07-1cab-4be7-9b21-6a808f9490cb.batch) [including 0ms in LoadMessage; 0ms in InitializeSparseNdw; 0ms in InitializeModelIncrement; 0ms in InferThetaAndUpdateNwtSparse; 0ms in CalculateScore(PerplexityScore); 0ms in CalculateScore(SparsityThetaScore); ]
I0207 04:46:30.194083 13449 processor.cc:974] No data in processing queue, waiting...
I0207 04:46:30.194670 13451 common.h:117] 1ms in ProcessBatch(/home/andrew/ds/batch/18ae0ea7-5f44-4196-b4f7-47eb8c3bbe79.batch) [including 0ms in LoadMessage; 0ms in InitializeSparseNdw; 0ms in InitializeModelIncrement; 0ms in InferThetaAndUpdateNwtSparse; 0ms in CalculateScore(PerplexityScore); 0ms in CalculateScore(SparsityThetaScore); ]
I0207 04:46:30.195580 13445 c_interface.cc:158] ArtmCopyRequestResultEx(request_type=0) copied 104 bytes
I0207 04:46:30.195979 13445 master_component.cc:467] MasterComponent::RegularizeModel() with RegularizeModelArgs: rwt_target_name=rwt, pwt_source_name=pwt, nwt_source_name=nwt
I0207 04:46:30.196328 13445 master_component.cc:499] MasterComponent::NormalizeModel() with NormalizeModelArgs: pwt_target_name=pwt, nwt_source_name=nwt, rwt_source_name=rwt
I0207 04:46:30.196594 13445 merger.cc:246] Merger::RequestScore(score_name=TopicKernelScore)
I0207 04:46:30.196732 13445 c_interface.cc:158] ArtmCopyRequestResultEx(request_type=0) copied 872 bytes
I0207 04:46:30.199589 13445 merger.cc:246] Merger::RequestScore(score_name=PerplexityScore)
I0207 04:46:30.199687 13445 c_interface.cc:158] ArtmCopyRequestResultEx(request_type=0) copied 63 bytes
I0207 04:46:30.199888 13445 merger.cc:246] Merger::RequestScore(score_name=SparsityPhiScore)
I0207 04:46:30.199978 13445 c_interface.cc:158] ArtmCopyRequestResultEx(request_type=0) copied 37 bytes
I0207 04:46:30.200186 13445 merger.cc:246] Merger::RequestScore(score_name=SparsityThetaScore)
I0207 04:46:30.200233 13445 c_interface.cc:158] ArtmCopyRequestResultEx(request_type=0) copied 37 bytes
I0207 04:46:30.200431 13445 merger.cc:246] Merger::RequestScore(score_name=TopTokensScore)
I0207 04:46:30.200589 13445 c_interface.cc:158] ArtmCopyRequestResultEx(request_type=0) copied 749 bytes
I0207 04:46:30.203166 13445 master_component.cc:286] MasterComponent::RequestProcessBatches() with ProcessBatchesArgs: nwt_target_name=nwt, batch_filename_size=2, batch_weight_size=2, pwt_source_name=pwt, inner_iterations_count=20, stream_name=@global, reuse_theta=yes, opt_for_avx=yes, use_sparse_bow=yes, reset_scores=yes, predict_class_id=
I0207 04:46:30.204684 13450 processor.cc:974] No data in processing queue, waiting...
I0207 04:46:30.204804 13451 common.h:117] 0ms in ProcessBatch(/home/andrew/ds/batch/1cc4fb07-1cab-4be7-9b21-6a808f9490cb.batch) [including 0ms in LoadMessage; 0ms in InitializeSparseNdw; 0ms in InitializeModelIncrement; 0ms in InferThetaAndUpdateNwtSparse; 0ms in CalculateScore(PerplexityScore); 0ms in CalculateScore(SparsityThetaScore); ]
I0207 04:46:30.205824 13450 processor.cc:981] Processing queue has data, processing started
I0207 04:46:30.206930 13450 common.h:117] 1ms in ProcessBatch(/home/andrew/ds/batch/18ae0ea7-5f44-4196-b4f7-47eb8c3bbe79.batch) [including 0ms in LoadMessage; 0ms in InitializeSparseNdw; 0ms in InitializeModelIncrement; 0ms in InferThetaAndUpdateNwtSparse; 0ms in CalculateScore(PerplexityScore); 0ms in CalculateScore(SparsityThetaScore); ]
I0207 04:46:30.207108 13445 c_interface.cc:158] ArtmCopyRequestResultEx(request_type=0) copied 104 bytes
I0207 04:46:30.207376 13445 master_component.cc:467] MasterComponent::RegularizeModel() with RegularizeModelArgs: rwt_target_name=rwt, pwt_source_name=pwt, nwt_source_name=nwt
I0207 04:46:30.207666 13445 master_component.cc:499] MasterComponent::NormalizeModel() with NormalizeModelArgs: pwt_target_name=pwt, nwt_source_name=nwt, rwt_source_name=rwt
I0207 04:46:30.207893 13445 merger.cc:246] Merger::RequestScore(score_name=TopicKernelScore)
I0207 04:46:30.208008 13445 c_interface.cc:158] ArtmCopyRequestResultEx(request_type=0) copied 872 bytes
I0207 04:46:30.210762 13445 merger.cc:246] Merger::RequestScore(score_name=PerplexityScore)
I0207 04:46:30.210818 13445 c_interface.cc:158] ArtmCopyRequestResultEx(request_type=0) copied 63 bytes
I0207 04:46:30.211016 13445 merger.cc:246] Merger::RequestScore(score_name=SparsityPhiScore)
I0207 04:46:30.211067 13445 c_interface.cc:158] ArtmCopyRequestResultEx(request_type=0) copied 37 bytes
I0207 04:46:30.211246 13445 merger.cc:246] Merger::RequestScore(score_name=SparsityThetaScore)
I0207 04:46:30.211285 13445 c_interface.cc:158] ArtmCopyRequestResultEx(request_type=0) copied 37 bytes
I0207 04:46:30.211437 13445 merger.cc:246] Merger::RequestScore(score_name=TopTokensScore)
I0207 04:46:30.211546 13445 c_interface.cc:158] ArtmCopyRequestResultEx(request_type=0) copied 749 bytes
I0207 04:46:30.213269 13452 processor.cc:974] No data in processing queue, waiting...
I0207 04:46:30.214104 13445 master_component.cc:286] MasterComponent::RequestProcessBatches() with ProcessBatchesArgs: nwt_target_name=nwt, batch_filename_size=2, batch_weight_size=2, pwt_source_name=pwt, inner_iterations_count=20, stream_name=@global, reuse_theta=yes, opt_for_avx=yes, use_sparse_bow=yes, reset_scores=yes, predict_class_id=
I0207 04:46:30.215443 13452 processor.cc:981] Processing queue has data, processing started
I0207 04:46:30.216322 13452 common.h:117] 0ms in ProcessBatch(/home/andrew/ds/batch/1cc4fb07-1cab-4be7-9b21-6a808f9490cb.batch) [including 0ms in LoadMessage; 0ms in InitializeSparseNdw; 0ms in InitializeModelIncrement; 0ms in InferThetaAndUpdateNwtSparse; 0ms in CalculateScore(PerplexityScore); 0ms in CalculateScore(SparsityThetaScore); ]
I0207 04:46:30.217511 13452 common.h:117] 1ms in ProcessBatch(/home/andrew/ds/batch/18ae0ea7-5f44-4196-b4f7-47eb8c3bbe79.batch) [including 0ms in LoadMessage; 0ms in InitializeSparseNdw; 0ms in InitializeModelIncrement; 0ms in InferThetaAndUpdateNwtSparse; 0ms in CalculateScore(PerplexityScore); 0ms in CalculateScore(SparsityThetaScore); ]
I0207 04:46:30.218376 13445 c_interface.cc:158] ArtmCopyRequestResultEx(request_type=0) copied 104 bytes
I0207 04:46:30.218660 13445 master_component.cc:467] MasterComponent::RegularizeModel() with RegularizeModelArgs: rwt_target_name=rwt, pwt_source_name=pwt, nwt_source_name=nwt
I0207 04:46:30.218957 13445 master_component.cc:499] MasterComponent::NormalizeModel() with NormalizeModelArgs: pwt_target_name=pwt, nwt_source_name=nwt, rwt_source_name=rwt
I0207 04:46:30.219173 13445 merger.cc:246] Merger::RequestScore(score_name=TopicKernelScore)
I0207 04:46:30.219270 13445 c_interface.cc:158] ArtmCopyRequestResultEx(request_type=0) copied 872 bytes
I0207 04:46:30.222417 13445 merger.cc:246] Merger::RequestScore(score_name=PerplexityScore)
I0207 04:46:30.222524 13445 c_interface.cc:158] ArtmCopyRequestResultEx(request_type=0) copied 63 bytes
I0207 04:46:30.222779 13445 merger.cc:246] Merger::RequestScore(score_name=SparsityPhiScore)
I0207 04:46:30.222875 13445 c_interface.cc:158] ArtmCopyRequestResultEx(request_type=0) copied 37 bytes
I0207 04:46:30.223109 13445 merger.cc:246] Merger::RequestScore(score_name=SparsityThetaScore)
I0207 04:46:30.223155 13445 c_interface.cc:158] ArtmCopyRequestResultEx(request_type=0) copied 37 bytes
I0207 04:46:30.223364 13445 merger.cc:246] Merger::RequestScore(score_name=TopTokensScore)
I0207 04:46:30.223526 13445 c_interface.cc:158] ArtmCopyRequestResultEx(request_type=0) copied 749 bytes
I0207 04:46:30.224995 13451 processor.cc:974] No data in processing queue, waiting...
I0207 04:46:30.226400 13445 master_component.cc:286] MasterComponent::RequestProcessBatches() with ProcessBatchesArgs: nwt_target_name=nwt, batch_filename_size=2, batch_weight_size=2, pwt_source_name=pwt, inner_iterations_count=20, stream_name=@global, reuse_theta=yes, opt_for_avx=yes, use_sparse_bow=yes, reset_scores=yes, predict_class_id=
I0207 04:46:30.227102 13450 processor.cc:974] No data in processing queue, waiting...
I0207 04:46:30.228157 13449 processor.cc:981] Processing queue has data, processing started
I0207 04:46:30.229235 13451 processor.cc:981] Processing queue has data, processing started
I0207 04:46:30.229347 13449 common.h:117] 1ms in ProcessBatch(/home/andrew/ds/batch/1cc4fb07-1cab-4be7-9b21-6a808f9490cb.batch) [including 0ms in LoadMessage; 0ms in InitializeSparseNdw; 0ms in InitializeModelIncrement; 0ms in InferThetaAndUpdateNwtSparse; 0ms in CalculateScore(PerplexityScore); 0ms in CalculateScore(SparsityThetaScore); ]
I0207 04:46:30.230504 13451 common.h:117] 1ms in ProcessBatch(/home/andrew/ds/batch/18ae0ea7-5f44-4196-b4f7-47eb8c3bbe79.batch) [including 0ms in LoadMessage; 0ms in InitializeSparseNdw; 0ms in InitializeModelIncrement; 0ms in InferThetaAndUpdateNwtSparse; 0ms in CalculateScore(PerplexityScore); 0ms in CalculateScore(SparsityThetaScore); ]
I0207 04:46:30.231801 13445 c_interface.cc:158] ArtmCopyRequestResultEx(request_type=0) copied 104 bytes
I0207 04:46:30.232533 13445 master_component.cc:467] MasterComponent::RegularizeModel() with RegularizeModelArgs: rwt_target_name=rwt, pwt_source_name=pwt, nwt_source_name=nwt
I0207 04:46:30.233513 13445 master_component.cc:499] MasterComponent::NormalizeModel() with NormalizeModelArgs: pwt_target_name=pwt, nwt_source_name=nwt, rwt_source_name=rwt
I0207 04:46:30.234149 13445 merger.cc:246] Merger::RequestScore(score_name=TopicKernelScore)
I0207 04:46:30.234499 13445 c_interface.cc:158] ArtmCopyRequestResultEx(request_type=0) copied 872 bytes
I0207 04:46:30.238008 13452 processor.cc:974] No data in processing queue, waiting...
I0207 04:46:30.241127 13445 merger.cc:246] Merger::RequestScore(score_name=PerplexityScore)
I0207 04:46:30.241165 13445 c_interface.cc:158] ArtmCopyRequestResultEx(request_type=0) copied 63 bytes
I0207 04:46:30.241307 13445 merger.cc:246] Merger::RequestScore(score_name=SparsityPhiScore)
I0207 04:46:30.241349 13445 c_interface.cc:158] ArtmCopyRequestResultEx(request_type=0) copied 37 bytes
I0207 04:46:30.241472 13445 merger.cc:246] Merger::RequestScore(score_name=SparsityThetaScore)
I0207 04:46:30.241498 13445 c_interface.cc:158] ArtmCopyRequestResultEx(request_type=0) copied 37 bytes
I0207 04:46:30.241610 13445 merger.cc:246] Merger::RequestScore(score_name=TopTokensScore)
I0207 04:46:30.241689 13445 c_interface.cc:158] ArtmCopyRequestResultEx(request_type=0) copied 749 bytes
I0207 04:46:30.243502 13445 master_component.cc:286] MasterComponent::RequestProcessBatches() with ProcessBatchesArgs: nwt_target_name=nwt, batch_filename_size=2, batch_weight_size=2, pwt_source_name=pwt, inner_iterations_count=20, stream_name=@global, reuse_theta=yes, opt_for_avx=yes, use_sparse_bow=yes, reset_scores=yes, predict_class_id=
I0207 04:46:30.244918 13449 common.h:117] 0ms in ProcessBatch(/home/andrew/ds/batch/1cc4fb07-1cab-4be7-9b21-6a808f9490cb.batch) [including 0ms in LoadMessage; 0ms in InitializeSparseNdw; 0ms in InitializeModelIncrement; 0ms in InferThetaAndUpdateNwtSparse; 0ms in CalculateScore(PerplexityScore); 0ms in CalculateScore(SparsityThetaScore); ]
I0207 04:46:30.246103 13449 common.h:117] 1ms in ProcessBatch(/home/andrew/ds/batch/18ae0ea7-5f44-4196-b4f7-47eb8c3bbe79.batch) [including 0ms in LoadMessage; 0ms in InitializeSparseNdw; 0ms in InitializeModelIncrement; 0ms in InferThetaAndUpdateNwtSparse; 0ms in CalculateScore(PerplexityScore); 0ms in CalculateScore(SparsityThetaScore); ]
I0207 04:46:30.246961 13445 c_interface.cc:158] ArtmCopyRequestResultEx(request_type=0) copied 104 bytes
I0207 04:46:30.247171 13445 master_component.cc:467] MasterComponent::RegularizeModel() with RegularizeModelArgs: rwt_target_name=rwt, pwt_source_name=pwt, nwt_source_name=nwt
I0207 04:46:30.247390 13445 master_component.cc:499] MasterComponent::NormalizeModel() with NormalizeModelArgs: pwt_target_name=pwt, nwt_source_name=nwt, rwt_source_name=rwt
I0207 04:46:30.247547 13445 merger.cc:246] Merger::RequestScore(score_name=TopicKernelScore)
I0207 04:46:30.247618 13445 c_interface.cc:158] ArtmCopyRequestResultEx(request_type=0) copied 872 bytes
I0207 04:46:30.249650 13445 merger.cc:246] Merger::RequestScore(score_name=PerplexityScore)
I0207 04:46:30.249691 13445 c_interface.cc:158] ArtmCopyRequestResultEx(request_type=0) copied 63 bytes
I0207 04:46:30.249835 13445 merger.cc:246] Merger::RequestScore(score_name=SparsityPhiScore)
I0207 04:46:30.249876 13445 c_interface.cc:158] ArtmCopyRequestResultEx(request_type=0) copied 37 bytes
I0207 04:46:30.250004 13445 merger.cc:246] Merger::RequestScore(score_name=SparsityThetaScore)
I0207 04:46:30.250030 13445 c_interface.cc:158] ArtmCopyRequestResultEx(request_type=0) copied 37 bytes
I0207 04:46:30.250134 13445 merger.cc:246] Merger::RequestScore(score_name=TopTokensScore)
I0207 04:46:30.250207 13445 c_interface.cc:158] ArtmCopyRequestResultEx(request_type=0) copied 749 bytes
I0207 04:46:30.250892 13451 processor.cc:974] No data in processing queue, waiting...
I0207 04:46:30.251971 13445 master_component.cc:286] MasterComponent::RequestProcessBatches() with ProcessBatchesArgs: nwt_target_name=nwt, batch_filename_size=2, batch_weight_size=2, pwt_source_name=pwt, inner_iterations_count=20, stream_name=@global, reuse_theta=yes, opt_for_avx=yes, use_sparse_bow=yes, reset_scores=yes, predict_class_id=
I0207 04:46:30.253034 13452 processor.cc:981] Processing queue has data, processing started
I0207 04:46:30.253780 13452 common.h:117] 0ms in ProcessBatch(/home/andrew/ds/batch/1cc4fb07-1cab-4be7-9b21-6a808f9490cb.batch) [including 0ms in LoadMessage; 0ms in InitializeSparseNdw; 0ms in InitializeModelIncrement; 0ms in InferThetaAndUpdateNwtSparse; 0ms in CalculateScore(PerplexityScore); 0ms in CalculateScore(SparsityThetaScore); ]
I0207 04:46:30.254123 13449 common.h:117] 0ms in ProcessBatch(/home/andrew/ds/batch/18ae0ea7-5f44-4196-b4f7-47eb8c3bbe79.batch) [including 0ms in LoadMessage; 0ms in InitializeSparseNdw; 0ms in InitializeModelIncrement; 0ms in InferThetaAndUpdateNwtSparse; 0ms in CalculateScore(PerplexityScore); 0ms in CalculateScore(SparsityThetaScore); ]
I0207 04:46:30.254703 13445 c_interface.cc:158] ArtmCopyRequestResultEx(request_type=0) copied 104 bytes
I0207 04:46:30.255003 13445 master_component.cc:467] MasterComponent::RegularizeModel() with RegularizeModelArgs: rwt_target_name=rwt, pwt_source_name=pwt, nwt_source_name=nwt
I0207 04:46:30.255338 13445 master_component.cc:499] MasterComponent::NormalizeModel() with NormalizeModelArgs: pwt_target_name=pwt, nwt_source_name=nwt, rwt_source_name=rwt
I0207 04:46:30.255578 13445 merger.cc:246] Merger::RequestScore(score_name=TopicKernelScore)
I0207 04:46:30.255686 13445 c_interface.cc:158] ArtmCopyRequestResultEx(request_type=0) copied 872 bytes
I0207 04:46:30.261821 13445 merger.cc:246] Merger::RequestScore(score_name=PerplexityScore)
I0207 04:46:30.262054 13445 c_interface.cc:158] ArtmCopyRequestResultEx(request_type=0) copied 63 bytes
I0207 04:46:30.262624 13445 merger.cc:246] Merger::RequestScore(score_name=SparsityPhiScore)
I0207 04:46:30.262837 13445 c_interface.cc:158] ArtmCopyRequestResultEx(request_type=0) copied 37 bytes
I0207 04:46:30.263336 13445 merger.cc:246] Merger::RequestScore(score_name=SparsityThetaScore)
I0207 04:46:30.263450 13445 c_interface.cc:158] ArtmCopyRequestResultEx(request_type=0) copied 37 bytes
I0207 04:46:30.263927 13445 merger.cc:246] Merger::RequestScore(score_name=TopTokensScore)
I0207 04:46:30.264297 13445 c_interface.cc:158] ArtmCopyRequestResultEx(request_type=0) copied 749 bytes
I0207 04:46:30.266881 13445 phi_matrix_operations.cc:96] RetrieveExternalTopicModel() with 3 topics, 75 tokens
I0207 04:46:30.266993 13445 c_interface.cc:158] ArtmCopyRequestResultEx(request_type=0) copied 3160 bytes
I0207 04:46:30.269284 13445 phi_matrix_operations.cc:96] RetrieveExternalTopicModel() with 3 topics, 75 tokens
I0207 04:46:30.269402 13445 c_interface.cc:158] ArtmCopyRequestResultEx(request_type=0) copied 1810 bytes
I0207 04:46:30.270045 13445 c_interface.cc:158] ArtmCopyRequestResultEx(request_type=2) copied 900 bytes
I0207 04:46:30.274047 13452 processor.cc:974] No data in processing queue, waiting...
I0207 04:46:30.274402 13449 processor.cc:974] No data in processing queue, waiting...
I0207 04:46:30.282366 13445 c_interface.cc:158] ArtmCopyRequestResultEx(request_type=0) copied 157 bytes
I0207 04:46:30.282804 13445 c_interface.cc:158] ArtmCopyRequestResultEx(request_type=0) copied 61 bytes
I0207 04:46:30.282971 13445 c_interface.cc:158] ArtmCopyRequestResultEx(request_type=1) copied 72 bytes
I0207 04:46:30.300819 13445 master_component.cc:127] Exporting model pwt to /home/andrew/ds/result/plsa_model
I0207 04:46:30.300917 13445 phi_matrix_operations.cc:96] RetrieveExternalTopicModel() with 3 topics, 75 tokens
I0207 04:46:30.301038 13445 master_component.cc:161] Export completed, token_size = 75, topic_size = 3
I0207 04:46:30.326442 13449 processor.cc:966] Processor thread stopped
I0207 04:46:30.326547 13449 processor.cc:967] Total number of processed batches: 8
I0207 04:46:30.327014 13450 processor.cc:966] Processor thread stopped
I0207 04:46:30.327080 13450 processor.cc:967] Total number of processed batches: 3
I0207 04:46:30.327988 13451 processor.cc:966] Processor thread stopped
I0207 04:46:30.328222 13451 processor.cc:967] Total number of processed batches: 4
I0207 04:46:30.329144 13452 processor.cc:966] Processor thread stopped
I0207 04:46:30.329241 13452 processor.cc:967] Total number of processed batches: 5
I0207 04:46:30.330165 13448 merger.cc:127] Merger thread stopped
